\BOOKMARK [0][-]{chapter.1}{\376\377\000p\000a\000m\000p\000a\000n\000e\000i\000r\000a\000\137\000i\000m\000p\000u\000t\000a\000t\000i\000o\000n\000\040\000p\000a\000c\000k\000a\000g\000e}{}% 1
\BOOKMARK [1][-]{section.1.1}{\376\377\000S\000u\000b\000m\000o\000d\000u\000l\000e\000s}{chapter.1}% 2
\BOOKMARK [1][-]{section.1.2}{\376\377\000p\000a\000m\000p\000a\000n\000e\000i\000r\000a\000\137\000i\000m\000p\000u\000t\000a\000t\000i\000o\000n\000.\000c\000o\000n\000f\000i\000g\000\040\000m\000o\000d\000u\000l\000e}{chapter.1}% 3
\BOOKMARK [1][-]{section.1.3}{\376\377\000p\000a\000m\000p\000a\000n\000e\000i\000r\000a\000\137\000i\000m\000p\000u\000t\000a\000t\000i\000o\000n\000.\000d\000a\000t\000a\000\137\000l\000o\000a\000d\000e\000r\000\040\000m\000o\000d\000u\000l\000e}{chapter.1}% 4
\BOOKMARK [1][-]{section.1.4}{\376\377\000p\000a\000m\000p\000a\000n\000e\000i\000r\000a\000\137\000i\000m\000p\000u\000t\000a\000t\000i\000o\000n\000.\000d\000a\000t\000a\000\137\000p\000r\000e\000p\000r\000o\000c\000e\000s\000s\000o\000r\000\040\000m\000o\000d\000u\000l\000e}{chapter.1}% 5
\BOOKMARK [1][-]{section.1.5}{\376\377\000p\000a\000m\000p\000a\000n\000e\000i\000r\000a\000\137\000i\000m\000p\000u\000t\000a\000t\000i\000o\000n\000.\000e\000v\000a\000l\000u\000a\000t\000i\000o\000n\000\040\000m\000o\000d\000u\000l\000e}{chapter.1}% 6
\BOOKMARK [1][-]{section.1.6}{\376\377\000p\000a\000m\000p\000a\000n\000e\000i\000r\000a\000\137\000i\000m\000p\000u\000t\000a\000t\000i\000o\000n\000.\000i\000m\000p\000u\000t\000a\000t\000i\000o\000n\000\137\000m\000e\000t\000h\000o\000d\000s\000\040\000m\000o\000d\000u\000l\000e}{chapter.1}% 7
\BOOKMARK [1][-]{section.1.7}{\376\377\000p\000a\000m\000p\000a\000n\000e\000i\000r\000a\000\137\000i\000m\000p\000u\000t\000a\000t\000i\000o\000n\000.\000u\000t\000i\000l\000s\000\040\000m\000o\000d\000u\000l\000e}{chapter.1}% 8
\BOOKMARK [1][-]{section.1.8}{\376\377\000M\000o\000d\000u\000l\000e\000\040\000c\000o\000n\000t\000e\000n\000t\000s}{chapter.1}% 9
\BOOKMARK [0][-]{chapter.2}{\376\377\000t\000e\000s\000t\000s\000\040\000p\000a\000c\000k\000a\000g\000e}{}% 10
\BOOKMARK [1][-]{section.2.1}{\376\377\000S\000u\000b\000m\000o\000d\000u\000l\000e\000s}{chapter.2}% 11
\BOOKMARK [1][-]{section.2.2}{\376\377\000t\000e\000s\000t\000s\000.\000c\000o\000n\000f\000t\000e\000s\000t\000\040\000m\000o\000d\000u\000l\000e}{chapter.2}% 12
\BOOKMARK [1][-]{section.2.3}{\376\377\000t\000e\000s\000t\000s\000.\000m\000i\000n\000i\000m\000a\000l\000\137\000i\000m\000p\000u\000t\000e\000\137\000f\000u\000n\000c\000t\000i\000o\000n\000\040\000m\000o\000d\000u\000l\000e}{chapter.2}% 13
\BOOKMARK [1][-]{section.2.4}{\376\377\000t\000e\000s\000t\000s\000.\000m\000i\000n\000i\000m\000a\000l\000\137\000t\000e\000s\000t\000\040\000m\000o\000d\000u\000l\000e}{chapter.2}% 14
\BOOKMARK [1][-]{section.2.5}{\376\377\000t\000e\000s\000t\000s\000.\000t\000e\000s\000t\000\137\000d\000a\000t\000a\000\137\000p\000r\000e\000p\000r\000o\000c\000e\000s\000s\000o\000r\000\040\000m\000o\000d\000u\000l\000e}{chapter.2}% 15
\BOOKMARK [1][-]{section.2.6}{\376\377\000t\000e\000s\000t\000s\000.\000t\000e\000s\000t\000\137\000e\000v\000a\000l\000u\000a\000t\000i\000o\000n\000\040\000m\000o\000d\000u\000l\000e}{chapter.2}% 16
\BOOKMARK [1][-]{section.2.7}{\376\377\000t\000e\000s\000t\000s\000.\000t\000e\000s\000t\000\137\000f\000u\000n\000c\000t\000i\000o\000n\000\137\000s\000t\000a\000n\000d\000a\000l\000o\000n\000e\000\040\000m\000o\000d\000u\000l\000e}{chapter.2}% 17
\BOOKMARK [1][-]{section.2.8}{\376\377\000t\000e\000s\000t\000s\000.\000t\000e\000s\000t\000\137\000i\000m\000p\000u\000t\000a\000t\000i\000o\000n\000\137\000m\000e\000t\000h\000o\000d\000s\000\040\000m\000o\000d\000u\000l\000e}{chapter.2}% 18
\BOOKMARK [1][-]{section.2.9}{\376\377\000t\000e\000s\000t\000s\000.\000t\000e\000s\000t\000\137\000u\000t\000i\000l\000s\000\040\000m\000o\000d\000u\000l\000e}{chapter.2}% 19
\BOOKMARK [1][-]{section.2.10}{\376\377\000M\000o\000d\000u\000l\000e\000\040\000c\000o\000n\000t\000e\000n\000t\000s}{chapter.2}% 20
\BOOKMARK [0][-]{section*.20}{\376\377\000P\000y\000t\000h\000o\000n\000\040\000M\000o\000d\000u\000l\000e\000\040\000I\000n\000d\000e\000x}{}% 21
\BOOKMARK [0][-]{section*.21}{\376\377\000I\000n\000d\000e\000x}{}% 22
